#-----------------------------------------------------------
# Vivado v2020.1 (64-bit)
# SW Build 2902540 on Wed May 27 19:54:49 MDT 2020
# IP Build 2902112 on Wed May 27 22:43:36 MDT 2020
# Start of session at: Thu Nov  5 21:13:35 2020
# Process ID: 5952
# Current directory: C:/Users/Adam/Downloads/INF1500/INF1500_2034584_2081643_Lab4/lab4
# Command line: vivado.exe -gui_launcher_event rodinguilauncherevent11744 C:\Users\Adam\Downloads\INF1500\INF1500_2034584_2081643_Lab4\lab4\lab4.xpr
# Log file: C:/Users/Adam/Downloads/INF1500/INF1500_2034584_2081643_Lab4/lab4/vivado.log
# Journal file: C:/Users/Adam/Downloads/INF1500/INF1500_2034584_2081643_Lab4/lab4\vivado.jou
#-----------------------------------------------------------
start_gui
open_project C:/Users/Adam/Downloads/INF1500/INF1500_2034584_2081643_Lab4/lab4/lab4.xpr
update_compile_order -fileset sources_1
close [ open C:/Users/Adam/Downloads/INF1500/INF1500_2034584_2081643_Lab4/lab4/lab4.srcs/sources_1/new/SYSTEM.vhd w ]
add_files C:/Users/Adam/Downloads/INF1500/INF1500_2034584_2081643_Lab4/lab4/lab4.srcs/sources_1/new/SYSTEM.vhd
update_compile_order -fileset sources_1
update_compile_order -fileset sources_1
update_compile_order -fileset sources_1
update_compile_order -fileset sources_1
# Disabling source management mode.  This is to allow the top design properties to be set without GUI intervention.
set_property source_mgmt_mode None [current_project]
set_property top SYSTEM [get_filesets sim_1]
set_property top_lib xil_defaultlib [get_filesets sim_1]
# Re-enabling previously disabled source management mode.
set_property source_mgmt_mode All [current_project]
launch_simulation
source SYSTEM.tcl
add_force {/SYSTEM/A} -radix hex {5 0ns}
add_force {/SYSTEM/B} -radix hex {8 0ns}
add_force {/SYSTEM/E} -radix hex {0 0ns} {1 50000ps} -repeat_every 100000ps
add_force {/SYSTEM/SEL} -radix hex {0 0ns} {1 100000ps} -repeat_every 200000ps
run 200 ns
close_sim
