#-----------------------------------------------------------
# Vivado v2020.1 (64-bit)
# SW Build 2902540 on Wed May 27 19:54:49 MDT 2020
# IP Build 2902112 on Wed May 27 22:43:36 MDT 2020
# Start of session at: Wed Sep 23 13:44:35 2020
# Process ID: 868
# Current directory: C:/Users/Adam/Downloads/INF1500/lab1
# Command line: vivado.exe -gui_launcher_event rodinguilauncherevent1452 C:\Users\Adam\Downloads\INF1500\lab1\lab1.xpr
# Log file: C:/Users/Adam/Downloads/INF1500/lab1/vivado.log
# Journal file: C:/Users/Adam/Downloads/INF1500/lab1\vivado.jou
#-----------------------------------------------------------
start_gui
open_project C:/Users/Adam/Downloads/INF1500/lab1/lab1.xpr
update_compile_order -fileset sources_1
generate_target Simulation [get_files C:/Users/Adam/Downloads/INF1500/lab1/lab1.srcs/sources_1/bd/fullAdder4B/fullAdder4B.bd]
export_ip_user_files -of_objects [get_files C:/Users/Adam/Downloads/INF1500/lab1/lab1.srcs/sources_1/bd/fullAdder4B/fullAdder4B.bd] -no_script -sync -force -quiet
export_simulation -of_objects [get_files C:/Users/Adam/Downloads/INF1500/lab1/lab1.srcs/sources_1/bd/fullAdder4B/fullAdder4B.bd] -directory C:/Users/Adam/Downloads/INF1500/lab1/lab1.ip_user_files/sim_scripts -ip_user_files_dir C:/Users/Adam/Downloads/INF1500/lab1/lab1.ip_user_files -ipstatic_source_dir C:/Users/Adam/Downloads/INF1500/lab1/lab1.ip_user_files/ipstatic -lib_map_path [list {modelsim=C:/Users/Adam/Downloads/INF1500/lab1/lab1.cache/compile_simlib/modelsim} {questa=C:/Users/Adam/Downloads/INF1500/lab1/lab1.cache/compile_simlib/questa} {riviera=C:/Users/Adam/Downloads/INF1500/lab1/lab1.cache/compile_simlib/riviera} {activehdl=C:/Users/Adam/Downloads/INF1500/lab1/lab1.cache/compile_simlib/activehdl}] -use_ip_compiled_libs -force -quiet
launch_simulation
open_wave_config C:/Users/Adam/Downloads/INF1500/lab1/fullAdder1B_wrapper_behav.wcfg
source fullAdder4B_wrapper.tcl
add_force {/fullAdder4B_wrapper/a[3]} -radix hex {0 0ns} {1 12500ps} -repeat_every 25000ps
add_force {/fullAdder4B_wrapper/a[0]} -radix hex {0 0ns} {1 12500ps} -repeat_every 25000ps
add_force {/fullAdder4B_wrapper/a[1]} -radix hex {0 0ns} {1 25000ps} -repeat_every 50000ps
add_force {/fullAdder4B_wrapper/a[2]} -radix hex {0 0ns} {1 50000ps} -repeat_every 100000ps
add_force {/fullAdder4B_wrapper/a[3]} -radix hex {0 0ns} {1 100000ps} -repeat_every 200000ps
add_force {/fullAdder4B_wrapper/b[0]} -radix hex {0 0ns} {1 200000ps} -repeat_every 400000ps
add_force {/fullAdder4B_wrapper/b[0]} -radix hex {0 0ns} {1 400000ps} -repeat_every 800000ps
add_force {/fullAdder4B_wrapper/b[1]} -radix hex {0 0ns} {1 800000ps} -repeat_every 1600000ps
add_force {/fullAdder4B_wrapper/b[2]} -radix hex {0 0ns} {1 1600000ps} -repeat_every 3200000ps
add_force {/fullAdder4B_wrapper/b[3]} -radix hex {0 0ns} {1 3200000ps} -repeat_every 6400000ps
add_force {/fullAdder4B_wrapper/op} -radix hex {0 0ns} {1 200000ps} -repeat_every 400000ps
run 12800 ns
run 100 ns
close_sim
generate_target Simulation [get_files C:/Users/Adam/Downloads/INF1500/lab1/lab1.srcs/sources_1/bd/fullAdder4B/fullAdder4B.bd]
export_ip_user_files -of_objects [get_files C:/Users/Adam/Downloads/INF1500/lab1/lab1.srcs/sources_1/bd/fullAdder4B/fullAdder4B.bd] -no_script -sync -force -quiet
export_simulation -of_objects [get_files C:/Users/Adam/Downloads/INF1500/lab1/lab1.srcs/sources_1/bd/fullAdder4B/fullAdder4B.bd] -directory C:/Users/Adam/Downloads/INF1500/lab1/lab1.ip_user_files/sim_scripts -ip_user_files_dir C:/Users/Adam/Downloads/INF1500/lab1/lab1.ip_user_files -ipstatic_source_dir C:/Users/Adam/Downloads/INF1500/lab1/lab1.ip_user_files/ipstatic -lib_map_path [list {modelsim=C:/Users/Adam/Downloads/INF1500/lab1/lab1.cache/compile_simlib/modelsim} {questa=C:/Users/Adam/Downloads/INF1500/lab1/lab1.cache/compile_simlib/questa} {riviera=C:/Users/Adam/Downloads/INF1500/lab1/lab1.cache/compile_simlib/riviera} {activehdl=C:/Users/Adam/Downloads/INF1500/lab1/lab1.cache/compile_simlib/activehdl}] -use_ip_compiled_libs -force -quiet
launch_simulation
open_wave_config C:/Users/Adam/Downloads/INF1500/lab1/fullAdder1B_wrapper_behav.wcfg
source fullAdder4B_wrapper.tcl
add_force {/fullAdder4B_wrapper/a[0]} -radix hex {0 0ns} {1 12500ps} -repeat_every 25000ps
add_force {/fullAdder4B_wrapper/a[1]} -radix hex {0 0ns} {1 25000ps} -repeat_every 50000ps
add_force {/fullAdder4B_wrapper/a[2]} -radix hex {0 0ns} {1 50000ps} -repeat_every 100000ps
add_force {/fullAdder4B_wrapper/a[3]} -radix hex {0 0ns} {1 100000ps} -repeat_every 200000ps
add_force {/fullAdder4B_wrapper/op} -radix hex {0 0ns} {1 200000ps} -repeat_every 400000ps
add_force {/fullAdder4B_wrapper/b[0]} -radix hex {0 0ns} {1 400000ps} -repeat_every 800000ps
add_force {/fullAdder4B_wrapper/b[1]} -radix hex {0 0ns} {1 800000ps} -repeat_every 1600000ps
add_force {/fullAdder4B_wrapper/b[2]} -radix hex {0 0ns} {1 1600000ps} -repeat_every 3200000ps
add_force {/fullAdder4B_wrapper/b[3]} -radix hex {0 0ns} {1 3200000ps} -repeat_every 6400000ps
run 6400 ns
run 6400 ns
add_force {/fullAdder4B_wrapper/a[0]} -radix hex {0 0ns} {1 12500ps} -repeat_every 25000ps
add_force {/fullAdder4B_wrapper/a[1]} -radix hex {0 0ns} {1 25000ps} -repeat_every 50000ps
add_force {/fullAdder4B_wrapper/a[2]} -radix hex {0 0ns} {1 50000ps} -repeat_every 100000ps
close_sim
generate_target Simulation [get_files C:/Users/Adam/Downloads/INF1500/lab1/lab1.srcs/sources_1/bd/fullAdder4B/fullAdder4B.bd]
export_ip_user_files -of_objects [get_files C:/Users/Adam/Downloads/INF1500/lab1/lab1.srcs/sources_1/bd/fullAdder4B/fullAdder4B.bd] -no_script -sync -force -quiet
export_simulation -of_objects [get_files C:/Users/Adam/Downloads/INF1500/lab1/lab1.srcs/sources_1/bd/fullAdder4B/fullAdder4B.bd] -directory C:/Users/Adam/Downloads/INF1500/lab1/lab1.ip_user_files/sim_scripts -ip_user_files_dir C:/Users/Adam/Downloads/INF1500/lab1/lab1.ip_user_files -ipstatic_source_dir C:/Users/Adam/Downloads/INF1500/lab1/lab1.ip_user_files/ipstatic -lib_map_path [list {modelsim=C:/Users/Adam/Downloads/INF1500/lab1/lab1.cache/compile_simlib/modelsim} {questa=C:/Users/Adam/Downloads/INF1500/lab1/lab1.cache/compile_simlib/questa} {riviera=C:/Users/Adam/Downloads/INF1500/lab1/lab1.cache/compile_simlib/riviera} {activehdl=C:/Users/Adam/Downloads/INF1500/lab1/lab1.cache/compile_simlib/activehdl}] -use_ip_compiled_libs -force -quiet
launch_simulation
open_wave_config C:/Users/Adam/Downloads/INF1500/lab1/fullAdder1B_wrapper_behav.wcfg
source fullAdder4B_wrapper.tcl
add_force {/fullAdder4B_wrapper/a[0]} -radix hex {0 0ns} {1 12500ps} -repeat_every 25000ps
add_force {/fullAdder4B_wrapper/a[1]} -radix hex {0 0ns} {1 25000ps} -repeat_every 50000ps
add_force {/fullAdder4B_wrapper/a[2]} -radix hex {0 0ns} {1 50000ps} -repeat_every 100000ps
add_force {/fullAdder4B_wrapper/a[3]} -radix hex {0 0ns} {1 100000ps} -repeat_every 200000ps
add_force {/fullAdder4B_wrapper/op} -radix hex {0 0ns} {1 200000ps} -repeat_every 400000ps
add_force {/fullAdder4B_wrapper/b[0]} -radix hex {0 0ns} {1 400000ps} -repeat_every 800000ps
add_force {/fullAdder4B_wrapper/b[0]} -radix hex {0 0ns} {1 400000ps} -repeat_every 800000ps
add_force {/fullAdder4B_wrapper/b[1]} -radix hex {0 0ns} {1 800000ps} -repeat_every 1600000ps
add_force {/fullAdder4B_wrapper/b[2]} -radix hex {0 0ns} {1 1600000ps} -repeat_every 3200000ps
add_force {/fullAdder4B_wrapper/b[3]} -radix hex {0 0ns} {1 3200000ps} -repeat_every 6400000ps
run 6400 ns
run 6400 ns
add_force {/fullAdder4B_wrapper/a[0]} -radix hex {0 0ns} {1 5000ps} -repeat_every 10000ps
add_force {/fullAdder4B_wrapper/a[1]} -radix hex {0 0ns} {1 10000ps} -repeat_every 20000ps
add_force {/fullAdder4B_wrapper/a[2]} -radix hex {0 0ns} {1 20000ps} -repeat_every 40000ps
add_force {/fullAdder4B_wrapper/a[3]} -radix hex {0 0ns} {1 40000ps} -repeat_every 80000ps
add_force {/fullAdder4B_wrapper/op} -radix hex {0 0ns} {1 80000ps} -repeat_every 160000ps
add_force {/fullAdder4B_wrapper/b[0]} -radix hex {0 0ns} {1 160000ps} -repeat_every 320000ps
add_force {/fullAdder4B_wrapper/b[1]} -radix hex {0 0ns} {1 320000ps} -repeat_every 640000ps
add_force {/fullAdder4B_wrapper/b[2]} -radix hex {0 0ns} {1 640000ps} -repeat_every 1280000ps
add_force {/fullAdder4B_wrapper/b[3]} -radix hex {0 0ns} {1 1280000ps} -repeat_every 2560000ps
run 6400 ns
run 2560 ns
run 2560 ns
add_force {/fullAdder4B_wrapper/a[0]} -radix hex {0 0ns} {1 500000ps} -repeat_every 1000000ps
add_force {/fullAdder4B_wrapper/a[1]} -radix hex {0 0ns} {1 1000000ps} -repeat_every 2000000ps
add_force {/fullAdder4B_wrapper/a[2]} -radix hex {0 0ns} {1 2000000ps} -repeat_every 4000000ps
add_force {/fullAdder4B_wrapper/a[3]} -radix hex {0 0ns} {1 4000000ps} -repeat_every 8000000ps
add_force {/fullAdder4B_wrapper/op} -radix hex {0 0ns} {1 8000000ps} -repeat_every 16000000ps
add_force {/fullAdder4B_wrapper/b[0]} -radix hex {0 0ns} {1 16000000ps} -repeat_every 32000000ps
add_force {/fullAdder4B_wrapper/b[1]} -radix hex {0 0ns} {1 32000000ps} -repeat_every 64000000ps
add_force {/fullAdder4B_wrapper/b[2]} -radix hex {0 0ns} {1 64000000ps} -repeat_every 128000000ps
add_force {/fullAdder4B_wrapper/b[3]} -radix hex {0 0ns} {1 12800000ps} -repeat_every 25600000ps
add_force {/fullAdder4B_wrapper/b[0]} -radix hex {0 0ns} {1 8000000ps} -repeat_every 16000000ps
add_force {/fullAdder4B_wrapper/b[1]} -radix hex {0 0ns} {1 16000000ps} -repeat_every 32000000ps
add_force {/fullAdder4B_wrapper/b[2]} -radix hex {0 0ns} {1 32000000ps} -repeat_every 64000000ps
add_force {/fullAdder4B_wrapper/op} -radix hex {0 0ns} {1 8000000ps} -repeat_every 16000000ps
add_force {/fullAdder4B_wrapper/b[0]} -radix hex {0 0ns} {1 16000000ps} -repeat_every 32000000ps
add_force {/fullAdder4B_wrapper/b[1]} -radix hex {0 0ns} {1 32000000ps} -repeat_every 64000000ps
add_force {/fullAdder4B_wrapper/b[2]} -radix hex {0 0ns} {1 64000000ps} -repeat_every 128000000ps
add_force {/fullAdder4B_wrapper/b[3]} -radix hex {0 0ns} {1 128000000ps} -repeat_every 256000000ps
run 2560 ns
run 256000 ns
add_force {/fullAdder4B_wrapper/a[0]} -radix hex {0 0ns} {1 5000ps} -repeat_every 10000ps
add_force {/fullAdder4B_wrapper/a[1]} -radix hex {0 0ns} {1 10000ps} -repeat_every 20000ps
add_force {/fullAdder4B_wrapper/a[2]} -radix hex {0 0ns} {1 20000ps} -repeat_every 40000ps
add_force {/fullAdder4B_wrapper/a[3]} -radix hex {0 0ns} {1 40000ps} -repeat_every 80000ps
add_force {/fullAdder4B_wrapper/a[0]} -radix hex {0 0ns} {1 5000ps} -repeat_every 10000ps
add_force {/fullAdder4B_wrapper/a[1]} -radix hex {0 0ns} {1 10000ps} -repeat_every 20000ps
add_force {/fullAdder4B_wrapper/a[2]} -radix hex {0 0ns} {1 20000ps} -repeat_every 40000ps
add_force {/fullAdder4B_wrapper/a[3]} -radix hex {0 0ns} {1 40000ps} -repeat_every 80000ps
add_force {/fullAdder4B_wrapper/op} -radix hex {0 0ns} {1 80000ps} -repeat_every 160000ps
add_force {/fullAdder4B_wrapper/b[0]} -radix hex {0 0ns} {1 160000ps} -repeat_every 320000ps
add_force {/fullAdder4B_wrapper/b[1]} -radix hex {0 0ns} {1 320000ps} -repeat_every 640000ps
add_force {/fullAdder4B_wrapper/b[2]} -radix hex {0 0ns} {1 640000ps} -repeat_every 1280000ps
add_force {/fullAdder4B_wrapper/b[3]} -radix hex {0 0ns} {1 1280000ps} -repeat_every 2560000ps
run 2560 ns
add_force {/fullAdder4B_wrapper/a[0]} -radix hex {0 0ns} {1 500ps} -repeat_every 1000ps
add_force {/fullAdder4B_wrapper/a[1]} -radix hex {0 0ns} {1 1000ps} -repeat_every 2000ps
add_force {/fullAdder4B_wrapper/a[2]} -radix hex {0 0ns} {1 2000ps} -repeat_every 4000ps
add_force {/fullAdder4B_wrapper/a[3]} -radix hex {0 0ns} {1 4000ps} -repeat_every 8000ps
add_force {/fullAdder4B_wrapper/op} -radix hex {0 0ns} {1 8000ps} -repeat_every 16000ps
add_force {/fullAdder4B_wrapper/b[0]} -radix hex {0 0ns} {1 16000ps} -repeat_every 32000ps
add_force {/fullAdder4B_wrapper/b[1]} -radix hex {0 0ns} {1 32000ps} -repeat_every 64000ps
add_force {/fullAdder4B_wrapper/b[2]} -radix hex {0 0ns} {1 64000ps} -repeat_every 128000ps
add_force {/fullAdder4B_wrapper/b[3]} -radix hex {0 0ns} {1 128000ps} -repeat_every 256000ps
run 256 ns
run 256 ns
run 256 ns
add_force {/fullAdder4B_wrapper/b[0]} -radix hex {0 0ns} {1 8000ps} -repeat_every 16000ps
add_force {/fullAdder4B_wrapper/b[1]} -radix hex {0 0ns} {1 16000ps} -repeat_every 32000ps
add_force {/fullAdder4B_wrapper/b[2]} -radix hex {0 0ns} {1 32000ps} -repeat_every 64000ps
add_force {/fullAdder4B_wrapper/b[3]} -radix hex {0 0ns} {1 64000ps} -repeat_every 128000ps
add_force {/fullAdder4B_wrapper/op} -radix hex {0 0ns} {1 128000ps} -repeat_every 256000ps
run 256 ns
run 256 ns
run 256 ns
remove_forces { {/fullAdder4B_wrapper/a} {/fullAdder4B_wrapper/a[3]} {/fullAdder4B_wrapper/a[2]} {/fullAdder4B_wrapper/a[1]} {/fullAdder4B_wrapper/a[0]} {/fullAdder4B_wrapper/b} {/fullAdder4B_wrapper/b[3]} {/fullAdder4B_wrapper/b[2]} {/fullAdder4B_wrapper/b[1]} {/fullAdder4B_wrapper/b[0]} {/fullAdder4B_wrapper/cout} {/fullAdder4B_wrapper/op} {/fullAdder4B_wrapper/s} {/fullAdder4B_wrapper/z} }
