#-----------------------------------------------------------
# Vivado v2020.1 (64-bit)
# SW Build 2902540 on Wed May 27 19:54:49 MDT 2020
# IP Build 2902112 on Wed May 27 22:43:36 MDT 2020
# Start of session at: Mon Oct 12 12:10:33 2020
# Process ID: 14124
# Current directory: C:/Users/Adam/Downloads/INF1500/lab2
# Command line: vivado.exe -gui_launcher_event rodinguilauncherevent17244 C:\Users\Adam\Downloads\INF1500\lab2\lab2.xpr
# Log file: C:/Users/Adam/Downloads/INF1500/lab2/vivado.log
# Journal file: C:/Users/Adam/Downloads/INF1500/lab2\vivado.jou
#-----------------------------------------------------------
start_gui
open_project C:/Users/Adam/Downloads/INF1500/lab2/lab2.xpr
launch_simulation
source UAL_wrapper.tcl
close_sim
launch_simulation
source UAL_wrapper.tcl
close_sim
open_bd_design {C:/Users/Adam/Downloads/INF1500/lab2/lab2.srcs/sources_1/bd/DIV_4_4B/DIV_4_4B.bd}
close_bd_design [get_bd_designs DIV_4_4B]
# Disabling source management mode.  This is to allow the top design properties to be set without GUI intervention.
set_property source_mgmt_mode None [current_project]
set_property top DIV_4_4B_wrapper [current_fileset]
# Re-enabling previously disabled source management mode.
set_property source_mgmt_mode None [current_project]
# Disabling source management mode.  This is to allow the top design properties to be set without GUI intervention.
set_property source_mgmt_mode None [current_project]
set_property top DIV_4_4B_wrapper [get_filesets sim_1]
set_property top_lib xil_defaultlib [get_filesets sim_1]
# Re-enabling previously disabled source management mode.
set_property source_mgmt_mode None [current_project]
launch_simulation
source DIV_4_4B_wrapper.tcl
add_force {/DIV_4_4B_wrapper/a[0]} -radix hex {0 0ns} {1 500ps} -repeat_every 1000ps
add_force {/DIV_4_4B_wrapper/a[1]} -radix hex {0 0ns} {1 1000ps} -repeat_every 2000ps
add_force {/DIV_4_4B_wrapper/a[2]} -radix hex {0 0ns} {1 2000ps} -repeat_every 4000ps
add_force {/DIV_4_4B_wrapper/a[3]} -radix hex {0 0ns} {1 4000ps} -repeat_every 8000ps
remove_forces { {/DIV_4_4B_wrapper/a} {/DIV_4_4B_wrapper/s} }
close_sim
